// Jest Snapshot v1, https://goo.gl/fbAQLP

exports[`<Close> should close the modal 1`] = `
<DocumentFragment>
  <div
    aria-hidden="false"
    id="ðŸ…°19"
    style="visibility: visible;"
  >
    <button
      aria-controls="ðŸ…°19"
      aria-expanded="true"
      aria-label="Close"
      data-testid="close"
      role="button"
      tabindex="0"
    >
      Close me
    </button>
    Hello world
  </div>
  <button
    aria-controls="ðŸ…°19"
    aria-expanded="true"
    class="open"
    role="button"
    tabindex="0"
  >
    open me
  </button>
</DocumentFragment>
`;

exports[`<Close> should close the modal: closed 1`] = `
<DocumentFragment>
  <div
    aria-hidden="true"
    id="ðŸ…°19"
    style="visibility: hidden;"
  >
    <button
      aria-controls="ðŸ…°19"
      aria-expanded="false"
      aria-label="Close"
      data-testid="close"
      role="button"
      tabindex="0"
    >
      Close me
    </button>
    Hello world
  </div>
  <button
    aria-controls="ðŸ…°19"
    aria-expanded="false"
    class="closed"
    role="button"
    tabindex="0"
  >
    open me
  </button>
</DocumentFragment>
`;

exports[`<Close> should override the aria label: aria-label="close me" 1`] = `
<DocumentFragment>
  <div
    aria-hidden="false"
    id="ðŸ…°18"
    style="visibility: visible;"
  >
    <button
      aria-controls="ðŸ…°18"
      aria-expanded="true"
      aria-label="close me"
      data-testid="close"
      role="button"
      tabindex="0"
    >
      Close me
    </button>
    Hello world
  </div>
</DocumentFragment>
`;

exports[`<Disclosure> should have a custom id 1`] = `
<DocumentFragment>
  <div
    aria-hidden="true"
    id="foobar"
    style="visibility: hidden;"
  >
    Hello world
  </div>
  <button
    aria-controls="foobar"
    aria-expanded="false"
    role="button"
    tabindex="0"
  >
    open me
  </button>
</DocumentFragment>
`;

exports[`<Disclosure> should provide context to function child 1`] = `
Object {
  "close": [Function],
  "id": "ðŸ…°1",
  "isOpen": false,
  "open": [Function],
  "toggle": [Function],
}
`;

exports[`<Target> should act like a controlled component when 'open' prop is specified: closed 1`] = `
<DocumentFragment>
  <div
    aria-hidden="true"
    id="ðŸ…°11"
    style="visibility: hidden;"
  >
    Hello world
  </div>
  <button
    aria-controls="ðŸ…°11"
    aria-expanded="false"
    role="button"
    tabindex="0"
  >
    open me
  </button>
</DocumentFragment>
`;

exports[`<Target> should act like a controlled component when 'open' prop is specified: initially open 1`] = `
<DocumentFragment>
  <div
    aria-hidden="false"
    id="ðŸ…°11"
    style="visibility: visible;"
  >
    Hello world
  </div>
  <button
    aria-controls="ðŸ…°11"
    aria-expanded="true"
    role="button"
    tabindex="0"
  >
    open me
  </button>
</DocumentFragment>
`;

exports[`<Target> should act like a controlled component when 'open' prop is specified: still closed 1`] = `
<DocumentFragment>
  <div
    aria-hidden="true"
    id="ðŸ…°11"
    style="visibility: hidden;"
  >
    Hello world
  </div>
  <button
    aria-controls="ðŸ…°11"
    aria-expanded="false"
    role="button"
    tabindex="0"
  >
    open me
  </button>
</DocumentFragment>
`;

exports[`<Target> should act like a controlled component when 'open' prop is specified: still open 1`] = `
<DocumentFragment>
  <div
    aria-hidden="false"
    id="ðŸ…°11"
    style="visibility: visible;"
  >
    Hello world
  </div>
  <button
    aria-controls="ðŸ…°11"
    aria-expanded="true"
    role="button"
    tabindex="0"
  >
    open me
  </button>
</DocumentFragment>
`;

exports[`<Target> should apply custom classname when opened or closed 1`] = `
<DocumentFragment>
  <div
    aria-hidden="true"
    class="custom"
    id="ðŸ…°7"
    style="visibility: hidden;"
  >
    Hello world
  </div>
  <button
    aria-controls="ðŸ…°7"
    aria-expanded="false"
    role="button"
    tabindex="0"
  >
    open me
  </button>
</DocumentFragment>
`;

exports[`<Target> should apply custom classname when opened or closed: open 1`] = `
<DocumentFragment>
  <div
    aria-hidden="false"
    class="custom"
    id="ðŸ…°7"
    style="visibility: visible;"
  >
    Hello world
  </div>
  <button
    aria-controls="ðŸ…°7"
    aria-expanded="true"
    role="button"
    tabindex="0"
  >
    open me
  </button>
</DocumentFragment>
`;

exports[`<Target> should apply user defined openClass and closedClass 1`] = `
<DocumentFragment>
  <div
    aria-hidden="true"
    class="closed"
    id="ðŸ…°8"
    style="visibility: hidden;"
  >
    Hello world
  </div>
  <button
    aria-controls="ðŸ…°8"
    aria-expanded="false"
    role="button"
    tabindex="0"
  >
    open me
  </button>
</DocumentFragment>
`;

exports[`<Target> should apply user defined openClass and closedClass: open 1`] = `
<DocumentFragment>
  <div
    aria-hidden="false"
    class="open"
    id="ðŸ…°8"
    style="visibility: visible;"
  >
    Hello world
  </div>
  <button
    aria-controls="ðŸ…°8"
    aria-expanded="true"
    role="button"
    tabindex="0"
  >
    open me
  </button>
</DocumentFragment>
`;

exports[`<Target> should apply user defined openStyle and closedStyle 1`] = `
<DocumentFragment>
  <div
    aria-hidden="true"
    id="ðŸ…°9"
    style="visibility: hidden; display: none;"
  >
    Hello world
  </div>
  <button
    aria-controls="ðŸ…°9"
    aria-expanded="false"
    role="button"
    tabindex="0"
  >
    open me
  </button>
</DocumentFragment>
`;

exports[`<Target> should apply user defined openStyle and closedStyle: open 1`] = `
<DocumentFragment>
  <div
    aria-hidden="false"
    id="ðŸ…°9"
    style="visibility: visible; display: block;"
  >
    Hello world
  </div>
  <button
    aria-controls="ðŸ…°9"
    aria-expanded="true"
    role="button"
    tabindex="0"
  >
    open me
  </button>
</DocumentFragment>
`;

exports[`<Target> should assign to custom styles when opened or closed 1`] = `
<DocumentFragment>
  <div
    aria-hidden="true"
    id="ðŸ…°6"
    style="visibility: hidden; font-size: 2rem;"
  >
    Hello world
  </div>
  <button
    aria-controls="ðŸ…°6"
    aria-expanded="false"
    role="button"
    tabindex="0"
  >
    open me
  </button>
</DocumentFragment>
`;

exports[`<Target> should assign to custom styles when opened or closed: open 1`] = `
<DocumentFragment>
  <div
    aria-hidden="false"
    id="ðŸ…°6"
    style="visibility: visible; font-size: 2rem;"
  >
    Hello world
  </div>
  <button
    aria-controls="ðŸ…°6"
    aria-expanded="true"
    role="button"
    tabindex="0"
  >
    open me
  </button>
</DocumentFragment>
`;

exports[`<Target> should be initially open when defined as such: closed 1`] = `
<DocumentFragment>
  <div
    aria-hidden="true"
    id="ðŸ…°10"
    style="visibility: hidden;"
  >
    Hello world
  </div>
  <button
    aria-controls="ðŸ…°10"
    aria-expanded="false"
    role="button"
    tabindex="0"
  >
    open me
  </button>
</DocumentFragment>
`;

exports[`<Target> should be initially open when defined as such: initially open 1`] = `
<DocumentFragment>
  <div
    aria-hidden="false"
    id="ðŸ…°10"
    style="visibility: visible;"
  >
    Hello world
  </div>
  <button
    aria-controls="ðŸ…°10"
    aria-expanded="true"
    role="button"
    tabindex="0"
  >
    open me
  </button>
</DocumentFragment>
`;

exports[`<Target> should close on escape key: closed 1`] = `
<DocumentFragment>
  <div
    aria-hidden="true"
    id="ðŸ…°4"
    style="visibility: hidden;"
  >
    Hello world
  </div>
  <button
    aria-controls="ðŸ…°4"
    aria-expanded="false"
    role="button"
    tabindex="0"
  >
    open me
  </button>
</DocumentFragment>
`;

exports[`<Target> should close on escape key: closed initially 1`] = `
<DocumentFragment>
  <div
    aria-hidden="true"
    id="ðŸ…°4"
    style="visibility: hidden;"
  >
    Hello world
  </div>
  <button
    aria-controls="ðŸ…°4"
    aria-expanded="false"
    role="button"
    tabindex="0"
  >
    open me
  </button>
</DocumentFragment>
`;

exports[`<Target> should close on escape key: open 1`] = `
<DocumentFragment>
  <div
    aria-hidden="false"
    id="ðŸ…°4"
    style="visibility: visible;"
  >
    Hello world
  </div>
  <button
    aria-controls="ðŸ…°4"
    aria-expanded="true"
    role="button"
    tabindex="0"
  >
    open me
  </button>
</DocumentFragment>
`;

exports[`<Target> should open and close on Trigger click: closed 1`] = `
<DocumentFragment>
  <div
    aria-hidden="true"
    id="ðŸ…°3"
    style="visibility: hidden;"
  >
    Hello world
  </div>
  <button
    aria-controls="ðŸ…°3"
    aria-expanded="false"
    role="button"
    tabindex="0"
  >
    open me
  </button>
</DocumentFragment>
`;

exports[`<Target> should open and close on Trigger click: closed initially 1`] = `
<DocumentFragment>
  <div
    aria-hidden="true"
    id="ðŸ…°3"
    style="visibility: hidden;"
  >
    Hello world
  </div>
  <button
    aria-controls="ðŸ…°3"
    aria-expanded="false"
    role="button"
    tabindex="0"
  >
    open me
  </button>
</DocumentFragment>
`;

exports[`<Target> should open and close on Trigger click: open 1`] = `
<DocumentFragment>
  <div
    aria-hidden="false"
    id="ðŸ…°3"
    style="visibility: visible;"
  >
    Hello world
  </div>
  <button
    aria-controls="ðŸ…°3"
    aria-expanded="true"
    role="button"
    tabindex="0"
  >
    open me
  </button>
</DocumentFragment>
`;

exports[`<Target> should render into a portal by custom selector 1`] = `
<body>
  <div
    class="portals"
  >
    <div
      aria-hidden="false"
      id="ðŸ…°14"
      style="visibility: visible;"
    >
      Hello world
    </div>
  </div>
  <div>
    <button
      aria-controls="ðŸ…°14"
      aria-expanded="true"
      role="button"
      tabindex="0"
    >
      open me
    </button>
  </div>
</body>
`;

exports[`<Target> should render into a portal by custom selector object 1`] = `
<body>
  <div
    class="portals"
  >
    <div
      aria-hidden="false"
      id="ðŸ…°13"
      style="visibility: visible;"
    >
      Hello world
    </div>
  </div>
  <div>
    <button
      aria-controls="ðŸ…°13"
      aria-expanded="true"
      role="button"
      tabindex="0"
    >
      open me
    </button>
  </div>
</body>
`;

exports[`<Target> should render into a portal by default ID 1`] = `
<body>
  <div
    id="portals"
  >
    <div
      aria-hidden="false"
      id="ðŸ…°12"
      style="visibility: visible;"
    >
      Hello world
    </div>
  </div>
  <div>
    <button
      aria-controls="ðŸ…°12"
      aria-expanded="true"
      role="button"
      tabindex="0"
    >
      open me
    </button>
  </div>
</body>
`;

exports[`<Target> shouldn't close on escape key if prop is false: closed initially 1`] = `
<DocumentFragment>
  <div
    aria-hidden="true"
    id="ðŸ…°5"
    style="visibility: hidden;"
  >
    Hello world
  </div>
  <button
    aria-controls="ðŸ…°5"
    aria-expanded="false"
    role="button"
    tabindex="0"
  >
    open me
  </button>
</DocumentFragment>
`;

exports[`<Target> shouldn't close on escape key if prop is false: open 1`] = `
<DocumentFragment>
  <div
    aria-hidden="false"
    id="ðŸ…°5"
    style="visibility: visible;"
  >
    Hello world
  </div>
  <button
    aria-controls="ðŸ…°5"
    aria-expanded="true"
    role="button"
    tabindex="0"
  >
    open me
  </button>
</DocumentFragment>
`;

exports[`<Target> shouldn't close on escape key if prop is false: still open 1`] = `
<DocumentFragment>
  <div
    aria-hidden="false"
    id="ðŸ…°5"
    style="visibility: visible;"
  >
    Hello world
  </div>
  <button
    aria-controls="ðŸ…°5"
    aria-expanded="true"
    role="button"
    tabindex="0"
  >
    open me
  </button>
</DocumentFragment>
`;

exports[`<Trigger> should have openClass and closedClass 1`] = `
<DocumentFragment>
  <div
    aria-hidden="true"
    id="ðŸ…°15"
    style="visibility: hidden;"
  >
    Hello world
  </div>
  <button
    aria-controls="ðŸ…°15"
    aria-expanded="false"
    class="closed"
    role="button"
    tabindex="0"
  >
    open me
  </button>
</DocumentFragment>
`;

exports[`<Trigger> should have openClass and closedClass: open 1`] = `
<DocumentFragment>
  <div
    aria-hidden="false"
    id="ðŸ…°15"
    style="visibility: visible;"
  >
    Hello world
  </div>
  <button
    aria-controls="ðŸ…°15"
    aria-expanded="true"
    class="open"
    role="button"
    tabindex="0"
  >
    open me
  </button>
</DocumentFragment>
`;

exports[`<Trigger> should have openStyle and closedStyle 1`] = `
<DocumentFragment>
  <div
    aria-hidden="true"
    id="ðŸ…°16"
    style="visibility: hidden;"
  >
    Hello world
  </div>
  <button
    aria-controls="ðŸ…°16"
    aria-expanded="false"
    role="button"
    style="display: none;"
    tabindex="0"
  >
    open me
  </button>
</DocumentFragment>
`;

exports[`<Trigger> should have openStyle and closedStyle: open 1`] = `
<DocumentFragment>
  <div
    aria-hidden="false"
    id="ðŸ…°16"
    style="visibility: visible;"
  >
    Hello world
  </div>
  <button
    aria-controls="ðŸ…°16"
    aria-expanded="true"
    role="button"
    style="display: block;"
    tabindex="0"
  >
    open me
  </button>
</DocumentFragment>
`;

exports[`useDisclosure() should return context 1`] = `
Object {
  "close": [Function],
  "id": "ðŸ…°23",
  "isOpen": false,
  "open": [Function],
  "toggle": [Function],
}
`;
